**********************
Windows PowerShell transcript start
Start time: 20260920225424
Username: DESKTOP-NC7IUFB\lauti
RunAs User: DESKTOP-NC7IUFB\lauti
Configuration Name: 
Machine: DESKTOP-NC7IUFB (Microsoft Windows NT 10.0.26100.0)
Host Application: C:\WINDOWS\System32\WindowsPowerShell\v1.0\powershell.exe -noexit -command try { . "c:\Users\lauti\AppData\Local\Programs\Microsoft VS Code\645f29cc31\resources\app\out\vs\workbench\contrib\terminal\common\scripts\shellIntegration.ps1" } catch {}
Process ID: 23440
PSVersion: 5.1.26100.9444
PSEdition: Desktop
PSCompatibleVersions: 1.0, 2.0, 3.0, 4.0, 5.0, 5.1.26100.9444
BuildVersion: 10.0.26100.9444
CLRVersion: 4.0.30319.42000
WSManStackVersion: 3.0
PSRemotingProtocolVersion: 2.3
SerializationVersion: 1.1.0.1
**********************
Running 12 runs in: C:\Users\lauti\Desktop\programas\Federated-Learning\Aggregation_Strategies\FedProx

=== [1/12] flwr run . --run-config "alpha=0.1 seed=27 mu=0.01" --federation-config "num-supernodes=10" --stream ===
ter]
INFO :
Done in 15.2 min

=== [2/12] flwr run . --run-config "alpha=0.1 seed=42 mu=0.01" --federation-config "num-supernodes=10" --stream ===
